// Jest Snapshot v1, https://goo.gl/fbAQLP

exports[`<CommitsList /> should match default snapshot 1`] = `
<StyledComponent
  commits={
    Array [
      Object {
        "author": Object {
          "avatar_url": "https://avatars2.githubusercontent.com/u/8628212?v=4",
          "events_url": "https://api.github.com/users/alpiepho/events{/privacy}",
          "followers_url": "https://api.github.com/users/alpiepho/followers",
          "following_url": "https://api.github.com/users/alpiepho/following{/other_user}",
          "gists_url": "https://api.github.com/users/alpiepho/gists{/gist_id}",
          "gravatar_id": "",
          "html_url": "https://github.com/alpiepho",
          "id": 8628212,
          "login": "alpiepho",
          "node_id": "MDQ6VXNlcjg2MjgyMTI=",
          "organizations_url": "https://api.github.com/users/alpiepho/orgs",
          "received_events_url": "https://api.github.com/users/alpiepho/received_events",
          "repos_url": "https://api.github.com/users/alpiepho/repos",
          "site_admin": false,
          "starred_url": "https://api.github.com/users/alpiepho/starred{/owner}{/repo}",
          "subscriptions_url": "https://api.github.com/users/alpiepho/subscriptions",
          "type": "User",
          "url": "https://api.github.com/users/alpiepho",
        },
        "comments_url": "https://api.github.com/repos/santosfrancisco/gatsby-starter-cv/commits/6c13ea200d12191fbfe6acab62a2eaaab5de96dd/comments",
        "commit": Object {
          "author": Object {
            "date": "2019-06-30T15:59:53Z",
            "email": "alpiepho@yahoo.com",
            "name": "Al Piepho",
          },
          "comment_count": 0,
          "committer": Object {
            "date": "2019-06-30T15:59:53Z",
            "email": "yoshi.df@gmail.com",
            "name": "Francisco Santos",
          },
          "message": "Adding check for a default Google Analytics ID (#11)",
          "tree": Object {
            "sha": "c5cd024519050877ec312e24238ff31ba968b0a3",
            "url": "https://api.github.com/repos/santosfrancisco/gatsby-starter-cv/git/trees/c5cd024519050877ec312e24238ff31ba968b0a3",
          },
          "url": "https://api.github.com/repos/santosfrancisco/gatsby-starter-cv/git/commits/6c13ea200d12191fbfe6acab62a2eaaab5de96dd",
          "verification": Object {
            "payload": null,
            "reason": "unsigned",
            "signature": null,
            "verified": false,
          },
        },
        "committer": Object {
          "avatar_url": "https://avatars3.githubusercontent.com/u/15852005?v=4",
          "events_url": "https://api.github.com/users/santosfrancisco/events{/privacy}",
          "followers_url": "https://api.github.com/users/santosfrancisco/followers",
          "following_url": "https://api.github.com/users/santosfrancisco/following{/other_user}",
          "gists_url": "https://api.github.com/users/santosfrancisco/gists{/gist_id}",
          "gravatar_id": "",
          "html_url": "https://github.com/santosfrancisco",
          "id": 15852005,
          "login": "santosfrancisco",
          "node_id": "MDQ6VXNlcjE1ODUyMDA1",
          "organizations_url": "https://api.github.com/users/santosfrancisco/orgs",
          "received_events_url": "https://api.github.com/users/santosfrancisco/received_events",
          "repos_url": "https://api.github.com/users/santosfrancisco/repos",
          "site_admin": false,
          "starred_url": "https://api.github.com/users/santosfrancisco/starred{/owner}{/repo}",
          "subscriptions_url": "https://api.github.com/users/santosfrancisco/subscriptions",
          "type": "User",
          "url": "https://api.github.com/users/santosfrancisco",
        },
        "html_url": "https://github.com/santosfrancisco/gatsby-starter-cv/commit/6c13ea200d12191fbfe6acab62a2eaaab5de96dd",
        "node_id": "MDY6Q29tbWl0MTYyOTMyNTY3OjZjMTNlYTIwMGQxMjE5MWZiZmU2YWNhYjYyYTJlYWFhYjVkZTk2ZGQ=",
        "parents": Array [
          Object {
            "html_url": "https://github.com/santosfrancisco/gatsby-starter-cv/commit/a18d79eb4d6c582642d7195f588abc3269243e13",
            "sha": "a18d79eb4d6c582642d7195f588abc3269243e13",
            "url": "https://api.github.com/repos/santosfrancisco/gatsby-starter-cv/commits/a18d79eb4d6c582642d7195f588abc3269243e13",
          },
        ],
        "sha": "6c13ea200d12191fbfe6acab62a2eaaab5de96dd",
        "url": "https://api.github.com/repos/santosfrancisco/gatsby-starter-cv/commits/6c13ea200d12191fbfe6acab62a2eaaab5de96dd",
      },
      Object {
        "author": Object {
          "avatar_url": "https://avatars1.githubusercontent.com/in/2740?v=4",
          "events_url": "https://api.github.com/users/renovate%5Bbot%5D/events{/privacy}",
          "followers_url": "https://api.github.com/users/renovate%5Bbot%5D/followers",
          "following_url": "https://api.github.com/users/renovate%5Bbot%5D/following{/other_user}",
          "gists_url": "https://api.github.com/users/renovate%5Bbot%5D/gists{/gist_id}",
          "gravatar_id": "",
          "html_url": "https://github.com/apps/renovate",
          "id": 29139614,
          "login": "renovate[bot]",
          "node_id": "MDM6Qm90MjkxMzk2MTQ=",
          "organizations_url": "https://api.github.com/users/renovate%5Bbot%5D/orgs",
          "received_events_url": "https://api.github.com/users/renovate%5Bbot%5D/received_events",
          "repos_url": "https://api.github.com/users/renovate%5Bbot%5D/repos",
          "site_admin": false,
          "starred_url": "https://api.github.com/users/renovate%5Bbot%5D/starred{/owner}{/repo}",
          "subscriptions_url": "https://api.github.com/users/renovate%5Bbot%5D/subscriptions",
          "type": "Bot",
          "url": "https://api.github.com/users/renovate%5Bbot%5D",
        },
        "comments_url": "https://api.github.com/repos/santosfrancisco/gatsby-starter-cv/commits/a18d79eb4d6c582642d7195f588abc3269243e13/comments",
        "commit": Object {
          "author": Object {
            "date": "2019-05-04T22:03:51Z",
            "email": "renovate[bot]@users.noreply.github.com",
            "name": "renovate[bot]",
          },
          "comment_count": 0,
          "committer": Object {
            "date": "2019-05-04T22:03:51Z",
            "email": "yoshi.df@gmail.com",
            "name": "Francisco Santos",
          },
          "message": "Pin dependencies (#4)",
          "tree": Object {
            "sha": "0ec843db714cb3cfeed167ae43cd2ab857e11aca",
            "url": "https://api.github.com/repos/santosfrancisco/gatsby-starter-cv/git/trees/0ec843db714cb3cfeed167ae43cd2ab857e11aca",
          },
          "url": "https://api.github.com/repos/santosfrancisco/gatsby-starter-cv/git/commits/a18d79eb4d6c582642d7195f588abc3269243e13",
          "verification": Object {
            "payload": null,
            "reason": "unsigned",
            "signature": null,
            "verified": false,
          },
        },
        "committer": Object {
          "avatar_url": "https://avatars3.githubusercontent.com/u/15852005?v=4",
          "events_url": "https://api.github.com/users/santosfrancisco/events{/privacy}",
          "followers_url": "https://api.github.com/users/santosfrancisco/followers",
          "following_url": "https://api.github.com/users/santosfrancisco/following{/other_user}",
          "gists_url": "https://api.github.com/users/santosfrancisco/gists{/gist_id}",
          "gravatar_id": "",
          "html_url": "https://github.com/santosfrancisco",
          "id": 15852005,
          "login": "santosfrancisco",
          "node_id": "MDQ6VXNlcjE1ODUyMDA1",
          "organizations_url": "https://api.github.com/users/santosfrancisco/orgs",
          "received_events_url": "https://api.github.com/users/santosfrancisco/received_events",
          "repos_url": "https://api.github.com/users/santosfrancisco/repos",
          "site_admin": false,
          "starred_url": "https://api.github.com/users/santosfrancisco/starred{/owner}{/repo}",
          "subscriptions_url": "https://api.github.com/users/santosfrancisco/subscriptions",
          "type": "User",
          "url": "https://api.github.com/users/santosfrancisco",
        },
        "html_url": "https://github.com/santosfrancisco/gatsby-starter-cv/commit/a18d79eb4d6c582642d7195f588abc3269243e13",
        "node_id": "MDY6Q29tbWl0MTYyOTMyNTY3OmExOGQ3OWViNGQ2YzU4MjY0MmQ3MTk1ZjU4OGFiYzMyNjkyNDNlMTM=",
        "parents": Array [
          Object {
            "html_url": "https://github.com/santosfrancisco/gatsby-starter-cv/commit/f007950d6d6338bc30d59b750de2d0e0b2dbbaef",
            "sha": "f007950d6d6338bc30d59b750de2d0e0b2dbbaef",
            "url": "https://api.github.com/repos/santosfrancisco/gatsby-starter-cv/commits/f007950d6d6338bc30d59b750de2d0e0b2dbbaef",
          },
        ],
        "sha": "a18d79eb4d6c582642d7195f588abc3269243e13",
        "url": "https://api.github.com/repos/santosfrancisco/gatsby-starter-cv/commits/a18d79eb4d6c582642d7195f588abc3269243e13",
      },
    ]
  }
  forwardedComponent={
    Object {
      "$$typeof": Symbol(react.forward_ref),
      "_foldedDefaultProps": Object {
        "commits": Array [],
      },
      "attrs": Array [],
      "componentStyle": ComponentStyle {
        "componentId": "StyledCommitsList-sc-1njrout-0",
        "isStatic": true,
        "rules": Array [
          ".commits-list__title{display:flex;align-items:center;}.commits-list__link{display:flex;text-decoration:none;color:#000;font-weight:bold;}.commits-list__separator{border:none;border-bottom:1px solid rgba(0,0,0,.2);}",
        ],
      },
      "displayName": "CommitsList",
      "foldedComponentIds": Array [],
      "render": [Function],
      "styledComponentId": "StyledCommitsList-sc-1njrout-0",
      "target": [Function],
      "toString": [Function],
      "warnTooManyClasses": [Function],
      "withComponent": [Function],
    }
  }
  forwardedRef={null}
/>
`;
