// Jest Snapshot v1, https://goo.gl/fbAQLP

exports[`<RepositoriesList /> should match default snapshot 1`] = `
<StyledComponent
  forwardedComponent={
    Object {
      "$$typeof": Symbol(react.forward_ref),
      "_foldedDefaultProps": Object {
        "repositories": Array [],
      },
      "attrs": Array [],
      "componentStyle": ComponentStyle {
        "componentId": "StyledRepositoriesList-sc-9nbtww-0",
        "isStatic": true,
        "rules": Array [
          ".repositories_list__header{display:flex;justify-content:space-between;align-items:center;}.repositories-list__link{text-decoration:none;color:#000;font-weight:bold;}.repositories-list__stars{display:flex;align-items:center;}.repositories-list__separator{border:none;border-bottom:1px solid rgba(0,0,0,.2);}",
        ],
      },
      "displayName": "RepositoriesList",
      "foldedComponentIds": Array [],
      "render": [Function],
      "styledComponentId": "StyledRepositoriesList-sc-9nbtww-0",
      "target": [Function],
      "toString": [Function],
      "warnTooManyClasses": [Function],
      "withComponent": [Function],
    }
  }
  forwardedRef={null}
  repositories={
    Array [
      Object {
        "archive_url": "https://api.github.com/repos/santosfrancisco/gatsby-starter-cv/{archive_format}{/ref}",
        "archived": false,
        "assignees_url": "https://api.github.com/repos/santosfrancisco/gatsby-starter-cv/assignees{/user}",
        "blobs_url": "https://api.github.com/repos/santosfrancisco/gatsby-starter-cv/git/blobs{/sha}",
        "branches_url": "https://api.github.com/repos/santosfrancisco/gatsby-starter-cv/branches{/branch}",
        "clone_url": "https://github.com/santosfrancisco/gatsby-starter-cv.git",
        "collaborators_url": "https://api.github.com/repos/santosfrancisco/gatsby-starter-cv/collaborators{/collaborator}",
        "comments_url": "https://api.github.com/repos/santosfrancisco/gatsby-starter-cv/comments{/number}",
        "commits_url": "https://api.github.com/repos/santosfrancisco/gatsby-starter-cv/commits{/sha}",
        "compare_url": "https://api.github.com/repos/santosfrancisco/gatsby-starter-cv/compare/{base}...{head}",
        "contents_url": "https://api.github.com/repos/santosfrancisco/gatsby-starter-cv/contents/{+path}",
        "contributors_url": "https://api.github.com/repos/santosfrancisco/gatsby-starter-cv/contributors",
        "created_at": "2018-12-24T00:05:49Z",
        "default_branch": "master",
        "deployments_url": "https://api.github.com/repos/santosfrancisco/gatsby-starter-cv/deployments",
        "description": "A simple starter to get up and developing your digital curriculum with GatsbyJS",
        "disabled": false,
        "downloads_url": "https://api.github.com/repos/santosfrancisco/gatsby-starter-cv/downloads",
        "events_url": "https://api.github.com/repos/santosfrancisco/gatsby-starter-cv/events",
        "fork": false,
        "forks": 12,
        "forks_count": 12,
        "forks_url": "https://api.github.com/repos/santosfrancisco/gatsby-starter-cv/forks",
        "full_name": "santosfrancisco/gatsby-starter-cv",
        "git_commits_url": "https://api.github.com/repos/santosfrancisco/gatsby-starter-cv/git/commits{/sha}",
        "git_refs_url": "https://api.github.com/repos/santosfrancisco/gatsby-starter-cv/git/refs{/sha}",
        "git_tags_url": "https://api.github.com/repos/santosfrancisco/gatsby-starter-cv/git/tags{/sha}",
        "git_url": "git://github.com/santosfrancisco/gatsby-starter-cv.git",
        "has_downloads": true,
        "has_issues": true,
        "has_pages": true,
        "has_projects": false,
        "has_wiki": false,
        "homepage": "https://santosfrancisco.github.io/gatsby-starter-cv/",
        "hooks_url": "https://api.github.com/repos/santosfrancisco/gatsby-starter-cv/hooks",
        "html_url": "https://github.com/santosfrancisco/gatsby-starter-cv",
        "id": 162932567,
        "issue_comment_url": "https://api.github.com/repos/santosfrancisco/gatsby-starter-cv/issues/comments{/number}",
        "issue_events_url": "https://api.github.com/repos/santosfrancisco/gatsby-starter-cv/issues/events{/number}",
        "issues_url": "https://api.github.com/repos/santosfrancisco/gatsby-starter-cv/issues{/number}",
        "keys_url": "https://api.github.com/repos/santosfrancisco/gatsby-starter-cv/keys{/key_id}",
        "labels_url": "https://api.github.com/repos/santosfrancisco/gatsby-starter-cv/labels{/name}",
        "language": "JavaScript",
        "languages_url": "https://api.github.com/repos/santosfrancisco/gatsby-starter-cv/languages",
        "license": Object {
          "key": "mit",
          "name": "MIT License",
          "node_id": "MDc6TGljZW5zZTEz",
          "spdx_id": "MIT",
          "url": "https://api.github.com/licenses/mit",
        },
        "merges_url": "https://api.github.com/repos/santosfrancisco/gatsby-starter-cv/merges",
        "milestones_url": "https://api.github.com/repos/santosfrancisco/gatsby-starter-cv/milestones{/number}",
        "mirror_url": null,
        "name": "gatsby-starter-cv",
        "node_id": "MDEwOlJlcG9zaXRvcnkxNjI5MzI1Njc=",
        "notifications_url": "https://api.github.com/repos/santosfrancisco/gatsby-starter-cv/notifications{?since,all,participating}",
        "open_issues": 8,
        "open_issues_count": 8,
        "owner": Object {
          "avatar_url": "https://avatars3.githubusercontent.com/u/15852005?v=4",
          "events_url": "https://api.github.com/users/santosfrancisco/events{/privacy}",
          "followers_url": "https://api.github.com/users/santosfrancisco/followers",
          "following_url": "https://api.github.com/users/santosfrancisco/following{/other_user}",
          "gists_url": "https://api.github.com/users/santosfrancisco/gists{/gist_id}",
          "gravatar_id": "",
          "html_url": "https://github.com/santosfrancisco",
          "id": 15852005,
          "login": "santosfrancisco",
          "node_id": "MDQ6VXNlcjE1ODUyMDA1",
          "organizations_url": "https://api.github.com/users/santosfrancisco/orgs",
          "received_events_url": "https://api.github.com/users/santosfrancisco/received_events",
          "repos_url": "https://api.github.com/users/santosfrancisco/repos",
          "site_admin": false,
          "starred_url": "https://api.github.com/users/santosfrancisco/starred{/owner}{/repo}",
          "subscriptions_url": "https://api.github.com/users/santosfrancisco/subscriptions",
          "type": "User",
          "url": "https://api.github.com/users/santosfrancisco",
        },
        "private": false,
        "pulls_url": "https://api.github.com/repos/santosfrancisco/gatsby-starter-cv/pulls{/number}",
        "pushed_at": "2019-08-08T21:56:13Z",
        "releases_url": "https://api.github.com/repos/santosfrancisco/gatsby-starter-cv/releases{/id}",
        "size": 3411,
        "ssh_url": "git@github.com:santosfrancisco/gatsby-starter-cv.git",
        "stargazers_count": 34,
        "stargazers_url": "https://api.github.com/repos/santosfrancisco/gatsby-starter-cv/stargazers",
        "statuses_url": "https://api.github.com/repos/santosfrancisco/gatsby-starter-cv/statuses/{sha}",
        "subscribers_url": "https://api.github.com/repos/santosfrancisco/gatsby-starter-cv/subscribers",
        "subscription_url": "https://api.github.com/repos/santosfrancisco/gatsby-starter-cv/subscription",
        "svn_url": "https://github.com/santosfrancisco/gatsby-starter-cv",
        "tags_url": "https://api.github.com/repos/santosfrancisco/gatsby-starter-cv/tags",
        "teams_url": "https://api.github.com/repos/santosfrancisco/gatsby-starter-cv/teams",
        "trees_url": "https://api.github.com/repos/santosfrancisco/gatsby-starter-cv/git/trees{/sha}",
        "updated_at": "2019-08-06T22:40:59Z",
        "url": "https://api.github.com/repos/santosfrancisco/gatsby-starter-cv",
        "watchers": 34,
        "watchers_count": 34,
      },
      Object {
        "archive_url": "https://api.github.com/repos/santosfrancisco/react-awesome-styled-grid/{archive_format}{/ref}",
        "archived": false,
        "assignees_url": "https://api.github.com/repos/santosfrancisco/react-awesome-styled-grid/assignees{/user}",
        "blobs_url": "https://api.github.com/repos/santosfrancisco/react-awesome-styled-grid/git/blobs{/sha}",
        "branches_url": "https://api.github.com/repos/santosfrancisco/react-awesome-styled-grid/branches{/branch}",
        "clone_url": "https://github.com/santosfrancisco/react-awesome-styled-grid.git",
        "collaborators_url": "https://api.github.com/repos/santosfrancisco/react-awesome-styled-grid/collaborators{/collaborator}",
        "comments_url": "https://api.github.com/repos/santosfrancisco/react-awesome-styled-grid/comments{/number}",
        "commits_url": "https://api.github.com/repos/santosfrancisco/react-awesome-styled-grid/commits{/sha}",
        "compare_url": "https://api.github.com/repos/santosfrancisco/react-awesome-styled-grid/compare/{base}...{head}",
        "contents_url": "https://api.github.com/repos/santosfrancisco/react-awesome-styled-grid/contents/{+path}",
        "contributors_url": "https://api.github.com/repos/santosfrancisco/react-awesome-styled-grid/contributors",
        "created_at": "2018-09-15T15:13:47Z",
        "default_branch": "master",
        "deployments_url": "https://api.github.com/repos/santosfrancisco/react-awesome-styled-grid/deployments",
        "description": "A responsive 8-point grid system layout for React using styled-components ",
        "disabled": false,
        "downloads_url": "https://api.github.com/repos/santosfrancisco/react-awesome-styled-grid/downloads",
        "events_url": "https://api.github.com/repos/santosfrancisco/react-awesome-styled-grid/events",
        "fork": false,
        "forks": 8,
        "forks_count": 8,
        "forks_url": "https://api.github.com/repos/santosfrancisco/react-awesome-styled-grid/forks",
        "full_name": "santosfrancisco/react-awesome-styled-grid",
        "git_commits_url": "https://api.github.com/repos/santosfrancisco/react-awesome-styled-grid/git/commits{/sha}",
        "git_refs_url": "https://api.github.com/repos/santosfrancisco/react-awesome-styled-grid/git/refs{/sha}",
        "git_tags_url": "https://api.github.com/repos/santosfrancisco/react-awesome-styled-grid/git/tags{/sha}",
        "git_url": "git://github.com/santosfrancisco/react-awesome-styled-grid.git",
        "has_downloads": true,
        "has_issues": true,
        "has_pages": true,
        "has_projects": true,
        "has_wiki": true,
        "homepage": "https://awesome-styled-grid.netlify.com/",
        "hooks_url": "https://api.github.com/repos/santosfrancisco/react-awesome-styled-grid/hooks",
        "html_url": "https://github.com/santosfrancisco/react-awesome-styled-grid",
        "id": 148913149,
        "issue_comment_url": "https://api.github.com/repos/santosfrancisco/react-awesome-styled-grid/issues/comments{/number}",
        "issue_events_url": "https://api.github.com/repos/santosfrancisco/react-awesome-styled-grid/issues/events{/number}",
        "issues_url": "https://api.github.com/repos/santosfrancisco/react-awesome-styled-grid/issues{/number}",
        "keys_url": "https://api.github.com/repos/santosfrancisco/react-awesome-styled-grid/keys{/key_id}",
        "labels_url": "https://api.github.com/repos/santosfrancisco/react-awesome-styled-grid/labels{/name}",
        "language": "JavaScript",
        "languages_url": "https://api.github.com/repos/santosfrancisco/react-awesome-styled-grid/languages",
        "license": Object {
          "key": "mit",
          "name": "MIT License",
          "node_id": "MDc6TGljZW5zZTEz",
          "spdx_id": "MIT",
          "url": "https://api.github.com/licenses/mit",
        },
        "merges_url": "https://api.github.com/repos/santosfrancisco/react-awesome-styled-grid/merges",
        "milestones_url": "https://api.github.com/repos/santosfrancisco/react-awesome-styled-grid/milestones{/number}",
        "mirror_url": null,
        "name": "react-awesome-styled-grid",
        "node_id": "MDEwOlJlcG9zaXRvcnkxNDg5MTMxNDk=",
        "notifications_url": "https://api.github.com/repos/santosfrancisco/react-awesome-styled-grid/notifications{?since,all,participating}",
        "open_issues": 16,
        "open_issues_count": 16,
        "owner": Object {
          "avatar_url": "https://avatars3.githubusercontent.com/u/15852005?v=4",
          "events_url": "https://api.github.com/users/santosfrancisco/events{/privacy}",
          "followers_url": "https://api.github.com/users/santosfrancisco/followers",
          "following_url": "https://api.github.com/users/santosfrancisco/following{/other_user}",
          "gists_url": "https://api.github.com/users/santosfrancisco/gists{/gist_id}",
          "gravatar_id": "",
          "html_url": "https://github.com/santosfrancisco",
          "id": 15852005,
          "login": "santosfrancisco",
          "node_id": "MDQ6VXNlcjE1ODUyMDA1",
          "organizations_url": "https://api.github.com/users/santosfrancisco/orgs",
          "received_events_url": "https://api.github.com/users/santosfrancisco/received_events",
          "repos_url": "https://api.github.com/users/santosfrancisco/repos",
          "site_admin": false,
          "starred_url": "https://api.github.com/users/santosfrancisco/starred{/owner}{/repo}",
          "subscriptions_url": "https://api.github.com/users/santosfrancisco/subscriptions",
          "type": "User",
          "url": "https://api.github.com/users/santosfrancisco",
        },
        "private": false,
        "pulls_url": "https://api.github.com/repos/santosfrancisco/react-awesome-styled-grid/pulls{/number}",
        "pushed_at": "2019-08-08T21:25:03Z",
        "releases_url": "https://api.github.com/repos/santosfrancisco/react-awesome-styled-grid/releases{/id}",
        "size": 3937,
        "ssh_url": "git@github.com:santosfrancisco/react-awesome-styled-grid.git",
        "stargazers_count": 48,
        "stargazers_url": "https://api.github.com/repos/santosfrancisco/react-awesome-styled-grid/stargazers",
        "statuses_url": "https://api.github.com/repos/santosfrancisco/react-awesome-styled-grid/statuses/{sha}",
        "subscribers_url": "https://api.github.com/repos/santosfrancisco/react-awesome-styled-grid/subscribers",
        "subscription_url": "https://api.github.com/repos/santosfrancisco/react-awesome-styled-grid/subscription",
        "svn_url": "https://github.com/santosfrancisco/react-awesome-styled-grid",
        "tags_url": "https://api.github.com/repos/santosfrancisco/react-awesome-styled-grid/tags",
        "teams_url": "https://api.github.com/repos/santosfrancisco/react-awesome-styled-grid/teams",
        "trees_url": "https://api.github.com/repos/santosfrancisco/react-awesome-styled-grid/git/trees{/sha}",
        "updated_at": "2019-08-01T12:42:22Z",
        "url": "https://api.github.com/repos/santosfrancisco/react-awesome-styled-grid",
        "watchers": 48,
        "watchers_count": 48,
      },
      Object {
        "archive_url": "https://api.github.com/repos/santosfrancisco/my-site/{archive_format}{/ref}",
        "archived": false,
        "assignees_url": "https://api.github.com/repos/santosfrancisco/my-site/assignees{/user}",
        "blobs_url": "https://api.github.com/repos/santosfrancisco/my-site/git/blobs{/sha}",
        "branches_url": "https://api.github.com/repos/santosfrancisco/my-site/branches{/branch}",
        "clone_url": "https://github.com/santosfrancisco/my-site.git",
        "collaborators_url": "https://api.github.com/repos/santosfrancisco/my-site/collaborators{/collaborator}",
        "comments_url": "https://api.github.com/repos/santosfrancisco/my-site/comments{/number}",
        "commits_url": "https://api.github.com/repos/santosfrancisco/my-site/commits{/sha}",
        "compare_url": "https://api.github.com/repos/santosfrancisco/my-site/compare/{base}...{head}",
        "contents_url": "https://api.github.com/repos/santosfrancisco/my-site/contents/{+path}",
        "contributors_url": "https://api.github.com/repos/santosfrancisco/my-site/contributors",
        "created_at": "2018-12-22T02:21:48Z",
        "default_branch": "master",
        "deployments_url": "https://api.github.com/repos/santosfrancisco/my-site/deployments",
        "description": "Code of my personal website",
        "disabled": false,
        "downloads_url": "https://api.github.com/repos/santosfrancisco/my-site/downloads",
        "events_url": "https://api.github.com/repos/santosfrancisco/my-site/events",
        "fork": false,
        "forks": 1,
        "forks_count": 1,
        "forks_url": "https://api.github.com/repos/santosfrancisco/my-site/forks",
        "full_name": "santosfrancisco/my-site",
        "git_commits_url": "https://api.github.com/repos/santosfrancisco/my-site/git/commits{/sha}",
        "git_refs_url": "https://api.github.com/repos/santosfrancisco/my-site/git/refs{/sha}",
        "git_tags_url": "https://api.github.com/repos/santosfrancisco/my-site/git/tags{/sha}",
        "git_url": "git://github.com/santosfrancisco/my-site.git",
        "has_downloads": true,
        "has_issues": true,
        "has_pages": false,
        "has_projects": true,
        "has_wiki": true,
        "homepage": "https://santosfrancisco.github.io",
        "hooks_url": "https://api.github.com/repos/santosfrancisco/my-site/hooks",
        "html_url": "https://github.com/santosfrancisco/my-site",
        "id": 162774847,
        "issue_comment_url": "https://api.github.com/repos/santosfrancisco/my-site/issues/comments{/number}",
        "issue_events_url": "https://api.github.com/repos/santosfrancisco/my-site/issues/events{/number}",
        "issues_url": "https://api.github.com/repos/santosfrancisco/my-site/issues{/number}",
        "keys_url": "https://api.github.com/repos/santosfrancisco/my-site/keys{/key_id}",
        "labels_url": "https://api.github.com/repos/santosfrancisco/my-site/labels{/name}",
        "language": "JavaScript",
        "languages_url": "https://api.github.com/repos/santosfrancisco/my-site/languages",
        "license": Object {
          "key": "mit",
          "name": "MIT License",
          "node_id": "MDc6TGljZW5zZTEz",
          "spdx_id": "MIT",
          "url": "https://api.github.com/licenses/mit",
        },
        "merges_url": "https://api.github.com/repos/santosfrancisco/my-site/merges",
        "milestones_url": "https://api.github.com/repos/santosfrancisco/my-site/milestones{/number}",
        "mirror_url": null,
        "name": "my-site",
        "node_id": "MDEwOlJlcG9zaXRvcnkxNjI3NzQ4NDc=",
        "notifications_url": "https://api.github.com/repos/santosfrancisco/my-site/notifications{?since,all,participating}",
        "open_issues": 0,
        "open_issues_count": 0,
        "owner": Object {
          "avatar_url": "https://avatars3.githubusercontent.com/u/15852005?v=4",
          "events_url": "https://api.github.com/users/santosfrancisco/events{/privacy}",
          "followers_url": "https://api.github.com/users/santosfrancisco/followers",
          "following_url": "https://api.github.com/users/santosfrancisco/following{/other_user}",
          "gists_url": "https://api.github.com/users/santosfrancisco/gists{/gist_id}",
          "gravatar_id": "",
          "html_url": "https://github.com/santosfrancisco",
          "id": 15852005,
          "login": "santosfrancisco",
          "node_id": "MDQ6VXNlcjE1ODUyMDA1",
          "organizations_url": "https://api.github.com/users/santosfrancisco/orgs",
          "received_events_url": "https://api.github.com/users/santosfrancisco/received_events",
          "repos_url": "https://api.github.com/users/santosfrancisco/repos",
          "site_admin": false,
          "starred_url": "https://api.github.com/users/santosfrancisco/starred{/owner}{/repo}",
          "subscriptions_url": "https://api.github.com/users/santosfrancisco/subscriptions",
          "type": "User",
          "url": "https://api.github.com/users/santosfrancisco",
        },
        "private": false,
        "pulls_url": "https://api.github.com/repos/santosfrancisco/my-site/pulls{/number}",
        "pushed_at": "2018-12-23T04:33:16Z",
        "releases_url": "https://api.github.com/repos/santosfrancisco/my-site/releases{/id}",
        "size": 340,
        "ssh_url": "git@github.com:santosfrancisco/my-site.git",
        "stargazers_count": 1,
        "stargazers_url": "https://api.github.com/repos/santosfrancisco/my-site/stargazers",
        "statuses_url": "https://api.github.com/repos/santosfrancisco/my-site/statuses/{sha}",
        "subscribers_url": "https://api.github.com/repos/santosfrancisco/my-site/subscribers",
        "subscription_url": "https://api.github.com/repos/santosfrancisco/my-site/subscription",
        "svn_url": "https://github.com/santosfrancisco/my-site",
        "tags_url": "https://api.github.com/repos/santosfrancisco/my-site/tags",
        "teams_url": "https://api.github.com/repos/santosfrancisco/my-site/teams",
        "trees_url": "https://api.github.com/repos/santosfrancisco/my-site/git/trees{/sha}",
        "updated_at": "2019-07-10T04:02:38Z",
        "url": "https://api.github.com/repos/santosfrancisco/my-site",
        "watchers": 1,
        "watchers_count": 1,
      },
      Object {
        "archive_url": "https://api.github.com/repos/santosfrancisco/nubank-clone/{archive_format}{/ref}",
        "archived": false,
        "assignees_url": "https://api.github.com/repos/santosfrancisco/nubank-clone/assignees{/user}",
        "blobs_url": "https://api.github.com/repos/santosfrancisco/nubank-clone/git/blobs{/sha}",
        "branches_url": "https://api.github.com/repos/santosfrancisco/nubank-clone/branches{/branch}",
        "clone_url": "https://github.com/santosfrancisco/nubank-clone.git",
        "collaborators_url": "https://api.github.com/repos/santosfrancisco/nubank-clone/collaborators{/collaborator}",
        "comments_url": "https://api.github.com/repos/santosfrancisco/nubank-clone/comments{/number}",
        "commits_url": "https://api.github.com/repos/santosfrancisco/nubank-clone/commits{/sha}",
        "compare_url": "https://api.github.com/repos/santosfrancisco/nubank-clone/compare/{base}...{head}",
        "contents_url": "https://api.github.com/repos/santosfrancisco/nubank-clone/contents/{+path}",
        "contributors_url": "https://api.github.com/repos/santosfrancisco/nubank-clone/contributors",
        "created_at": "2019-06-30T05:04:51Z",
        "default_branch": "master",
        "deployments_url": "https://api.github.com/repos/santosfrancisco/nubank-clone/deployments",
        "description": "Clone da interface do Nubank em React Native",
        "disabled": false,
        "downloads_url": "https://api.github.com/repos/santosfrancisco/nubank-clone/downloads",
        "events_url": "https://api.github.com/repos/santosfrancisco/nubank-clone/events",
        "fork": false,
        "forks": 0,
        "forks_count": 0,
        "forks_url": "https://api.github.com/repos/santosfrancisco/nubank-clone/forks",
        "full_name": "santosfrancisco/nubank-clone",
        "git_commits_url": "https://api.github.com/repos/santosfrancisco/nubank-clone/git/commits{/sha}",
        "git_refs_url": "https://api.github.com/repos/santosfrancisco/nubank-clone/git/refs{/sha}",
        "git_tags_url": "https://api.github.com/repos/santosfrancisco/nubank-clone/git/tags{/sha}",
        "git_url": "git://github.com/santosfrancisco/nubank-clone.git",
        "has_downloads": true,
        "has_issues": true,
        "has_pages": false,
        "has_projects": true,
        "has_wiki": true,
        "homepage": "",
        "hooks_url": "https://api.github.com/repos/santosfrancisco/nubank-clone/hooks",
        "html_url": "https://github.com/santosfrancisco/nubank-clone",
        "id": 194477136,
        "issue_comment_url": "https://api.github.com/repos/santosfrancisco/nubank-clone/issues/comments{/number}",
        "issue_events_url": "https://api.github.com/repos/santosfrancisco/nubank-clone/issues/events{/number}",
        "issues_url": "https://api.github.com/repos/santosfrancisco/nubank-clone/issues{/number}",
        "keys_url": "https://api.github.com/repos/santosfrancisco/nubank-clone/keys{/key_id}",
        "labels_url": "https://api.github.com/repos/santosfrancisco/nubank-clone/labels{/name}",
        "language": "JavaScript",
        "languages_url": "https://api.github.com/repos/santosfrancisco/nubank-clone/languages",
        "license": Object {
          "key": "mit",
          "name": "MIT License",
          "node_id": "MDc6TGljZW5zZTEz",
          "spdx_id": "MIT",
          "url": "https://api.github.com/licenses/mit",
        },
        "merges_url": "https://api.github.com/repos/santosfrancisco/nubank-clone/merges",
        "milestones_url": "https://api.github.com/repos/santosfrancisco/nubank-clone/milestones{/number}",
        "mirror_url": null,
        "name": "nubank-clone",
        "node_id": "MDEwOlJlcG9zaXRvcnkxOTQ0NzcxMzY=",
        "notifications_url": "https://api.github.com/repos/santosfrancisco/nubank-clone/notifications{?since,all,participating}",
        "open_issues": 0,
        "open_issues_count": 0,
        "owner": Object {
          "avatar_url": "https://avatars3.githubusercontent.com/u/15852005?v=4",
          "events_url": "https://api.github.com/users/santosfrancisco/events{/privacy}",
          "followers_url": "https://api.github.com/users/santosfrancisco/followers",
          "following_url": "https://api.github.com/users/santosfrancisco/following{/other_user}",
          "gists_url": "https://api.github.com/users/santosfrancisco/gists{/gist_id}",
          "gravatar_id": "",
          "html_url": "https://github.com/santosfrancisco",
          "id": 15852005,
          "login": "santosfrancisco",
          "node_id": "MDQ6VXNlcjE1ODUyMDA1",
          "organizations_url": "https://api.github.com/users/santosfrancisco/orgs",
          "received_events_url": "https://api.github.com/users/santosfrancisco/received_events",
          "repos_url": "https://api.github.com/users/santosfrancisco/repos",
          "site_admin": false,
          "starred_url": "https://api.github.com/users/santosfrancisco/starred{/owner}{/repo}",
          "subscriptions_url": "https://api.github.com/users/santosfrancisco/subscriptions",
          "type": "User",
          "url": "https://api.github.com/users/santosfrancisco",
        },
        "private": false,
        "pulls_url": "https://api.github.com/repos/santosfrancisco/nubank-clone/pulls{/number}",
        "pushed_at": "2019-06-30T05:09:56Z",
        "releases_url": "https://api.github.com/repos/santosfrancisco/nubank-clone/releases{/id}",
        "size": 1305,
        "ssh_url": "git@github.com:santosfrancisco/nubank-clone.git",
        "stargazers_count": 0,
        "stargazers_url": "https://api.github.com/repos/santosfrancisco/nubank-clone/stargazers",
        "statuses_url": "https://api.github.com/repos/santosfrancisco/nubank-clone/statuses/{sha}",
        "subscribers_url": "https://api.github.com/repos/santosfrancisco/nubank-clone/subscribers",
        "subscription_url": "https://api.github.com/repos/santosfrancisco/nubank-clone/subscription",
        "svn_url": "https://github.com/santosfrancisco/nubank-clone",
        "tags_url": "https://api.github.com/repos/santosfrancisco/nubank-clone/tags",
        "teams_url": "https://api.github.com/repos/santosfrancisco/nubank-clone/teams",
        "trees_url": "https://api.github.com/repos/santosfrancisco/nubank-clone/git/trees{/sha}",
        "updated_at": "2019-06-30T05:10:17Z",
        "url": "https://api.github.com/repos/santosfrancisco/nubank-clone",
        "watchers": 0,
        "watchers_count": 0,
      },
      Object {
        "archive_url": "https://api.github.com/repos/santosfrancisco/grid-demo/{archive_format}{/ref}",
        "archived": false,
        "assignees_url": "https://api.github.com/repos/santosfrancisco/grid-demo/assignees{/user}",
        "blobs_url": "https://api.github.com/repos/santosfrancisco/grid-demo/git/blobs{/sha}",
        "branches_url": "https://api.github.com/repos/santosfrancisco/grid-demo/branches{/branch}",
        "clone_url": "https://github.com/santosfrancisco/grid-demo.git",
        "collaborators_url": "https://api.github.com/repos/santosfrancisco/grid-demo/collaborators{/collaborator}",
        "comments_url": "https://api.github.com/repos/santosfrancisco/grid-demo/comments{/number}",
        "commits_url": "https://api.github.com/repos/santosfrancisco/grid-demo/commits{/sha}",
        "compare_url": "https://api.github.com/repos/santosfrancisco/grid-demo/compare/{base}...{head}",
        "contents_url": "https://api.github.com/repos/santosfrancisco/grid-demo/contents/{+path}",
        "contributors_url": "https://api.github.com/repos/santosfrancisco/grid-demo/contributors",
        "created_at": "2018-11-08T16:36:05Z",
        "default_branch": "master",
        "deployments_url": "https://api.github.com/repos/santosfrancisco/grid-demo/deployments",
        "description": "A demonstration of react-awesome-styled-grid implementation",
        "disabled": false,
        "downloads_url": "https://api.github.com/repos/santosfrancisco/grid-demo/downloads",
        "events_url": "https://api.github.com/repos/santosfrancisco/grid-demo/events",
        "fork": false,
        "forks": 0,
        "forks_count": 0,
        "forks_url": "https://api.github.com/repos/santosfrancisco/grid-demo/forks",
        "full_name": "santosfrancisco/grid-demo",
        "git_commits_url": "https://api.github.com/repos/santosfrancisco/grid-demo/git/commits{/sha}",
        "git_refs_url": "https://api.github.com/repos/santosfrancisco/grid-demo/git/refs{/sha}",
        "git_tags_url": "https://api.github.com/repos/santosfrancisco/grid-demo/git/tags{/sha}",
        "git_url": "git://github.com/santosfrancisco/grid-demo.git",
        "has_downloads": true,
        "has_issues": true,
        "has_pages": false,
        "has_projects": true,
        "has_wiki": true,
        "homepage": "http://grid-demo.surge.sh/",
        "hooks_url": "https://api.github.com/repos/santosfrancisco/grid-demo/hooks",
        "html_url": "https://github.com/santosfrancisco/grid-demo",
        "id": 156737142,
        "issue_comment_url": "https://api.github.com/repos/santosfrancisco/grid-demo/issues/comments{/number}",
        "issue_events_url": "https://api.github.com/repos/santosfrancisco/grid-demo/issues/events{/number}",
        "issues_url": "https://api.github.com/repos/santosfrancisco/grid-demo/issues{/number}",
        "keys_url": "https://api.github.com/repos/santosfrancisco/grid-demo/keys{/key_id}",
        "labels_url": "https://api.github.com/repos/santosfrancisco/grid-demo/labels{/name}",
        "language": "JavaScript",
        "languages_url": "https://api.github.com/repos/santosfrancisco/grid-demo/languages",
        "license": null,
        "merges_url": "https://api.github.com/repos/santosfrancisco/grid-demo/merges",
        "milestones_url": "https://api.github.com/repos/santosfrancisco/grid-demo/milestones{/number}",
        "mirror_url": null,
        "name": "grid-demo",
        "node_id": "MDEwOlJlcG9zaXRvcnkxNTY3MzcxNDI=",
        "notifications_url": "https://api.github.com/repos/santosfrancisco/grid-demo/notifications{?since,all,participating}",
        "open_issues": 0,
        "open_issues_count": 0,
        "owner": Object {
          "avatar_url": "https://avatars3.githubusercontent.com/u/15852005?v=4",
          "events_url": "https://api.github.com/users/santosfrancisco/events{/privacy}",
          "followers_url": "https://api.github.com/users/santosfrancisco/followers",
          "following_url": "https://api.github.com/users/santosfrancisco/following{/other_user}",
          "gists_url": "https://api.github.com/users/santosfrancisco/gists{/gist_id}",
          "gravatar_id": "",
          "html_url": "https://github.com/santosfrancisco",
          "id": 15852005,
          "login": "santosfrancisco",
          "node_id": "MDQ6VXNlcjE1ODUyMDA1",
          "organizations_url": "https://api.github.com/users/santosfrancisco/orgs",
          "received_events_url": "https://api.github.com/users/santosfrancisco/received_events",
          "repos_url": "https://api.github.com/users/santosfrancisco/repos",
          "site_admin": false,
          "starred_url": "https://api.github.com/users/santosfrancisco/starred{/owner}{/repo}",
          "subscriptions_url": "https://api.github.com/users/santosfrancisco/subscriptions",
          "type": "User",
          "url": "https://api.github.com/users/santosfrancisco",
        },
        "private": false,
        "pulls_url": "https://api.github.com/repos/santosfrancisco/grid-demo/pulls{/number}",
        "pushed_at": "2018-11-08T19:38:37Z",
        "releases_url": "https://api.github.com/repos/santosfrancisco/grid-demo/releases{/id}",
        "size": 217,
        "ssh_url": "git@github.com:santosfrancisco/grid-demo.git",
        "stargazers_count": 0,
        "stargazers_url": "https://api.github.com/repos/santosfrancisco/grid-demo/stargazers",
        "statuses_url": "https://api.github.com/repos/santosfrancisco/grid-demo/statuses/{sha}",
        "subscribers_url": "https://api.github.com/repos/santosfrancisco/grid-demo/subscribers",
        "subscription_url": "https://api.github.com/repos/santosfrancisco/grid-demo/subscription",
        "svn_url": "https://github.com/santosfrancisco/grid-demo",
        "tags_url": "https://api.github.com/repos/santosfrancisco/grid-demo/tags",
        "teams_url": "https://api.github.com/repos/santosfrancisco/grid-demo/teams",
        "trees_url": "https://api.github.com/repos/santosfrancisco/grid-demo/git/trees{/sha}",
        "updated_at": "2019-06-09T16:41:36Z",
        "url": "https://api.github.com/repos/santosfrancisco/grid-demo",
        "watchers": 0,
        "watchers_count": 0,
      },
    ]
  }
/>
`;
